Info: Starting: Create block symbol file (.bsf)
Info: qsys-generate C:\Git\ASP-SoC\hw\src\grpFpgaSys\unitTbdAudio\synlayQuartus\AudioSubSystem.qsys --block-symbol-file --output-directory=C:\Git\ASP-SoC\hw\src\grpFpgaSys\unitTbdAudio\synlayQuartus\AudioSubSystem --family="Cyclone V" --part=5CSEMA5F31C6
Progress: Loading synlayQuartus/AudioSubSystem.qsys
Progress: Reading input file
Progress: Adding AudioAvalonStream_0 [AudioAvalonStream 1.0]
Progress: Parameterizing module AudioAvalonStream_0
Progress: Adding audio [altera_up_avalon_audio 16.1]
Progress: Parameterizing module audio
Progress: Adding audio_config [altera_up_avalon_audio_and_video_config 16.1]
Progress: Parameterizing module audio_config
Progress: Adding audio_pll [altera_up_avalon_audio_pll 16.1]
Progress: Parameterizing module audio_pll
Progress: Adding sys [clock_source 16.1]
Progress: Parameterizing module sys
Progress: Building connections
Progress: Parameterizing connections
Progress: Validating
Progress: Done reading input file
Warning: AudioSubSystem.audio: audio.external_interface must be exported, or connected to a matching conduit.
Warning: AudioSubSystem.audio_config: audio_config.external_interface must be exported, or connected to a matching conduit.
Warning: AudioSubSystem.audio_config: audio_config.avalon_av_config_slave must be connected to an Avalon-MM master
Info: qsys-generate succeeded.
Info: Finished: Create block symbol file (.bsf)
Info: 
Info: Starting: Create HDL design files for synthesis
Info: qsys-generate C:\Git\ASP-SoC\hw\src\grpFpgaSys\unitTbdAudio\synlayQuartus\AudioSubSystem.qsys --synthesis=VHDL --output-directory=C:\Git\ASP-SoC\hw\src\grpFpgaSys\unitTbdAudio\synlayQuartus\AudioSubSystem\synthesis --family="Cyclone V" --part=5CSEMA5F31C6
Progress: Loading synlayQuartus/AudioSubSystem.qsys
Progress: Reading input file
Progress: Adding AudioAvalonStream_0 [AudioAvalonStream 1.0]
Progress: Parameterizing module AudioAvalonStream_0
Progress: Adding audio [altera_up_avalon_audio 16.1]
Progress: Parameterizing module audio
Progress: Adding audio_config [altera_up_avalon_audio_and_video_config 16.1]
Progress: Parameterizing module audio_config
Progress: Adding audio_pll [altera_up_avalon_audio_pll 16.1]
Progress: Parameterizing module audio_pll
Progress: Adding sys [clock_source 16.1]
Progress: Parameterizing module sys
Progress: Building connections
Progress: Parameterizing connections
Progress: Validating
Progress: Done reading input file
Warning: AudioSubSystem.audio: audio.external_interface must be exported, or connected to a matching conduit.
Warning: AudioSubSystem.audio_config: audio_config.external_interface must be exported, or connected to a matching conduit.
Warning: AudioSubSystem.audio_config: audio_config.avalon_av_config_slave must be connected to an Avalon-MM master
Info: AudioSubSystem: Generating AudioSubSystem "AudioSubSystem" for QUARTUS_SYNTH
Info: AudioAvalonStream_0: "AudioSubSystem" instantiated AudioAvalonStream "AudioAvalonStream_0"
Info: audio: Starting Generation of Audio Controller
Info: audio: "AudioSubSystem" instantiated altera_up_avalon_audio "audio"
Info: audio_config: Starting Generation of Audio and Video Config
Info: audio_config: "AudioSubSystem" instantiated altera_up_avalon_audio_and_video_config "audio_config"
Info: audio_pll: "AudioSubSystem" instantiated altera_up_avalon_audio_pll "audio_pll"
Info: rst_controller: "AudioSubSystem" instantiated altera_reset_controller "rst_controller"
Info: audio_pll: "audio_pll" instantiated altera_pll "audio_pll"
Info: reset_from_locked: "audio_pll" instantiated altera_up_avalon_reset_from_locked_signal "reset_from_locked"
Info: AudioSubSystem: Done "AudioSubSystem" with 8 modules, 28 files
Info: qsys-generate succeeded.
Info: Finished: Create HDL design files for synthesis
